
 │ run token-flow --network testnet                                                   ┃ ╱╱╱╱╱╱╱╱╱╱╱╱╱╱╱╱╱╱╱╱╱╱╱╱╱╱╱╱╱
                                                                                      ┃ ╱╱╱╱╱╱╱╱╱╱╱╱╱╱╱╱╱╱╱╱╱╱╱╱╱╱╱╱╱
   Actors ────────────────────────────────────────────────────────────────────────────┃ █  █ █▀▀▀ █▀▀▄ █▀▀▀ █▀▀▄ ▄▀▀▄
                                                                                      ┃ █▀▀█ █▀▀  █  █ █▀▀  █▀▀▄ █▀▀█
   ✓ alice 0.0.1001 (key=ed25519, hbar=100)                                           ┃ ▀  ▀ ▀▀▀▀ ▀▀▀  ▀▀▀▀ ▀  ▀ ▀  ▀
   ✓ bob   0.0.1002 (key=ecdsa, hbar=50)                                              ┃ harness                v0.1.0
   ✓ carol 0.0.1003 (key=ed25519, hbar=10)                                            │ ╱╱╱╱╱╱╱╱╱╱╱╱╱╱╱╱╱╱╱╱╱╱╱╱╱╱╱╱╱
                                                                                      │
   Steps ─────────────────────────────────────────────────────────────────────────────│ token-flow
                                                                                      │ run 7f3a2c · scenarios/token…
   ✓ token.create gold (supply=1000, decimals=2, treasury=alice) 900ms                │
                                                                                      │ ◇  testnet  operator 0.0.4512
     status    SUCCESS                                                                │
     tx        0.0.4512@1757712000.000000104                                          │ Actors ──────────────────────
     hashscan  hashscan.io/testnet/transaction/0.0.4512@1757712000.000000104          │ ✓ alice 0.0.1001
     gold      0.0.1004                                                               │ ✓ bob   0.0.1002
                                                                                      │ ✓ carol 0.0.1003
   ✓ token.associate bob (token=gold) 450ms                                           │
                                                                                      │ Progress ────────────────────
     status    SUCCESS                                                                │ ✓ actors                  3/3
     tx        0.0.4512@1757712000.000000105                                          │ × steps                   8/8
     hashscan  hashscan.io/testnet/transaction/0.0.4512@1757712000.000000105          │ × assertions              6/6
                                                                                      │
                                                                                        Assertions ──────────────────
 ────────────────────────────────────────────────────────────────────────────────────── ✓ 5  × 1  ○ 0
 ::: Run finished. Try run <scenario> again, or clear                                  
 :::  
 :::  
 ──────────────────────────────────────────────────────────────────────────────────────
 ↑/↓ scroll • g/G top/bottom • tab focus editor • ctrl+p commands • ctrl+c quit • ctrl+g more
