
  ╱╱╱╱╱╱ █   █ █▀▀▀▀ █▀▀▀▄ █▀▀▀▀ █▀▀▀▄ ▄▀▀▀▄   █   █ ▄▀▀▀▄ █▀▀▀▄ █▀▀▀▄ █▀▀▀▀ ▄▀▀▀▀ ▄▀▀▀▀ ╱╱╱╱╱╱╱╱╱╱╱╱╱╱╱╱╱╱╱╱╱╱╱╱╱╱╱╱╱
  ╱╱╱╱╱╱ █▀▀▀█ █▀▀▀  █   █ █▀▀▀  █▀▀▀▄ █▀▀▀█   █▀▀▀█ █▀▀▀█ █▀▀▀▄ █   █ █▀▀▀   ▀▀▀▄  ▀▀▀▄ ╱╱╱╱╱╱╱╱╱╱╱╱╱╱╱╱╱╱╱╱╱╱╱╱╱╱╱╱
  ╱╱╱╱╱╱ ▀   ▀ ▀▀▀▀▀ ▀▀▀▀  ▀▀▀▀▀ ▀   ▀ ▀   ▀   ▀   ▀ ▀   ▀ ▀   ▀ ▀   ▀ ▀▀▀▀▀ ▀▀▀▀  ▀▀▀▀  ╱╱╱╱╱╱╱╱╱╱╱╱╱╱╱╱╱╱╱╱╱╱╱╱╱╱╱
  ╱╱╱╱╱╱ hh                                                                       v0.1.0 ╱╱╱╱╱╱╱╱╱╱╱╱╱╱╱╱╱╱╱╱╱╱╱╱╱╱

  /work/hh-demo

  ◇  testnet  ● 0.0.6123456 · 97.44 ℏ · Portal account
    3 scenarios · costs hbar

  Scenarios ──────────────────── Network ────────────────────── Last run ─────────────────────

  ● token-flow 8 steps           ○ mock in process              None
  ● topic-submit 4 steps         ○ local solo node
  ● scheduled-payout 6 steps     ◉ testnet costs hbar









 ──────────────────────────────────────────────────────────────────────────────────────────────────────────────────────
   > Ready. Try run <scenario>, network <name> or ctrl+p                                                               
 :::  
 :::  
 ──────────────────────────────────────────────────────────────────────────────────────────────────────────────────────
 OKAY!  connected 0.0.6123456                                                                                           
