
  ╱╱╱╱╱╱ █   █ █▀▀▀▀ █▀▀▀▄ █▀▀▀▀ █▀▀▀▄ ▄▀▀▀▄   █   █ ▄▀▀▀▄ █▀▀▀▄ █▀▀▀▄ █▀▀▀▀ ▄▀▀▀▀ ▄▀▀▀▀ ╱╱╱╱╱╱╱╱╱╱╱╱╱╱╱╱╱╱╱╱╱╱╱╱╱╱╱╱╱
  ╱╱╱╱╱╱ █▀▀▀█ █▀▀▀  █   █ █▀▀▀  █▀▀▀▄ █▀▀▀█   █▀▀▀█ █▀▀▀█ █▀▀▀▄ █   █ █▀▀▀   ▀▀▀▄  ▀▀▀▄ ╱╱╱╱╱╱╱╱╱╱╱╱╱╱╱╱╱╱╱╱╱╱╱╱╱╱╱╱
  ╱╱╱╱╱╱ ▀   ▀ ▀▀▀▀▀ ▀▀▀▀  ▀▀▀▀▀ ▀   ▀ ▀   ▀   ▀   ▀ ▀   ▀ ▀   ▀ ▀   ▀ ▀▀▀▀▀ ▀▀▀▀  ▀▀▀▀  ╱╱╱╱╱╱╱╱╱╱╱╱╱╱╱╱╱╱╱╱╱╱╱╱╱╱╱
  ╱╱╱╱╱╱ hh                                                                       v0.1.0 ╱╱╱╱╱╱╱╱╱╱╱╱╱╱╱╱╱╱╱╱╱╱╱╱╱╱

  /work/hh-demo

  ◇  mock  operator 0.0.2
    3 scenarios · in process

  Scenarios ─────────────╭────────────────────────────────────────────────────────────────────╮
                         │ Commands ╱╱╱╱╱╱╱╱╱╱╱╱╱╱╱╱╱╱╱╱╱╱╱╱╱╱╱╱╱╱╱╱╱╱╱╱╱╱╱╱╱╱╱╱╱╱╱╱╱╱╱╱╱╱╱╱╱ │
  ● token-flow 8 steps   │                                                                    │
  ● topic-submit 4 steps │ > net                                                              │
  ● scheduled-payout 6 st│                                                                    │
                         │ Switch network                                              ctrl+n │
                         │                                                                    │
                         │ ↑/↓ choose • enter confirm • esc cancel                            │
                         ╰────────────────────────────────────────────────────────────────────╯





                                                                                                                       
    > Ready. Try run <scenario>, network <name> or ctrl+p                                                              
  :::                                                                                                                  
  :::                                                                                                                  
                                                                                                                       
 enter run command • ctrl+r scenarios • ctrl+n network • ctrl+p commands • ctrl+c quit • ctrl+g more
