
                                                                                        ╱╱╱╱╱╱╱╱╱╱╱╱╱╱╱╱╱╱╱╱╱╱╱╱╱╱╱╱╱
   Steps ─────────────────────────────────────────────────────────────────────────────  ╱╱╱╱╱╱╱╱╱╱╱╱╱╱╱╱╱╱╱╱╱╱╱╱╱╱╱╱╱
                                                                                        █  █ █▀▀▀ █▀▀▄ █▀▀▀ █▀▀▄ ▄▀▀▄
   ✓ token.create gold (supply=1000, decimals=2, treasury=alice) 900ms                  █▀▀█ █▀▀  █  █ █▀▀  █▀▀▄ █▀▀█
                                                                                        ▀  ▀ ▀▀▀▀ ▀▀▀  ▀▀▀▀ ▀  ▀ ▀  ▀
     status    SUCCESS                                                                  harness                v0.1.0
     tx        0.0.4512@1757712000.000000104                                            ╱╱╱╱╱╱╱╱╱╱╱╱╱╱╱╱╱╱╱╱╱╱╱╱╱╱╱╱╱
     hashscan  hashscan.io/testnet/transaction/0.0.4512@1757712000.000000104
     gold      0.0.1004                                                                 token-flow
                                                                                        run 7f3a2c · scenarios/token…
   ✓ token.associate bob (token=gold) 450ms
                                                                                        ◇  testnet  operator 0.0.4512
     status    SUCCESS
     tx        0.0.4512@1757712000.000000105                                            Actors ──────────────────────
     hashscan  hashscan.io/testnet/transaction/0.0.4512@1757712000.000000105            ✓ alice 0.0.1001
                                                                                        ✓ bob   0.0.1002
   ✓ token.transfer gold (from=alice, to=bob, amount=250) 520ms                         ✓ carol 0.0.1003

     status    SUCCESS                                                                  Progress ────────────────────
     tx        0.0.4512@1757712000.000000106                                            ✓ actors                  3/3
     hashscan  hashscan.io/testnet/transaction/0.0.4512@1757712000.000000106            ● steps                   3/8
                                                                                        ○ assertions              0/6
   ● token.transfer gold (from=alice, to=carol, amount=10) ^0D3=c5$^774&#e Submitting
                                                                                        Assertions ──────────────────
 ────────────────────────────────────────────────────────────────────────────────────── ✓ 0  × 0  ○ 6
   > Running token-flow... esc to cancel                                               
 :::  
 :::  
 ──────────────────────────────────────────────────────────────────────────────────────
 esc cancel run • tab focus run • ctrl+r scenarios • ctrl+p commands • ctrl+c quit • ctrl+g more
