
   treasury command.                                                                    ╱╱╱╱╱╱╱╱╱╱╱╱╱╱╱╱╱╱╱╱╱╱╱╱╱╱╱╱╱
                                                                                        ╱╱╱╱╱╱╱╱╱╱╱╱╱╱╱╱╱╱╱╱╱╱╱╱╱╱╱╱╱
   ✓ Write internal/payout/payout.go                                                    █  █ █▀▀▀ █▀▀▄ █▀▀▀ █▀▀▄ ▄▀▀▄
                                                                                        █▀▀█ █▀▀  █  █ █▀▀  █▀▀▄ █▀▀█
     File created successfully at: internal/payout/payout.go                            ▀  ▀ ▀▀▀▀ ▀▀▀  ▀▀▀▀ ▀  ▀ ▀  ▀
                                                                                        harness                v0.1.0
   ✓ Bash go test ./internal/payout/...                                                 ╱╱╱╱╱╱╱╱╱╱╱╱╱╱╱╱╱╱╱╱╱╱╱╱╱╱╱╱╱

     ok      github.com/acme/treasury/internal/payout    0.412s                         add a scheduled payout from
                                                                                        bob to carol and make sure …
   The payout helper is in place and its unit tests pass.                               claude · claude-sonnet-4-5

   ◇ claude-sonnet-4-5 · 7 turns · $0.12 · 41s ───────────────────────────────────────  ◇  mock  operator 0.0.2

   × check go test ./... exit 1 · 3.2s                                                  Agent ───────────────────────
                                                                                        ● turn 1              judging
     … (2 lines hidden)                                                                   $0.12 this conversation
     --- FAIL: TestPayoutExecutes (1.20s)
         treasury_test.go:52: schedule 0.0.1042 created                                 Judges ──────────────────────
         treasury_test.go:58: schedule never executed: INVALID_SIGNATURE, bob did not…  ○ token-flow
     FAIL
     FAIL    github.com/acme/treasury/internal/treasury    1.214s                       Checks ──────────────────────
     FAIL                                                                               × go test ./...

 ──────────────────────────────────────────────────────────────────────────────────────
   > claude is working... esc to cancel                                                
 :::  
 :::  
 ──────────────────────────────────────────────────────────────────────────────────────
 esc cancel claude • tab focus run • ctrl+r scenarios • ctrl+p commands • ctrl+c quit • ctrl+g more
