
  ╱╱╱╱╱╱ █   █ █▀▀▀▀ █▀▀▀▄ █▀▀▀▀ █▀▀▀▄ ▄▀▀▀▄   █   █ ▄▀▀▀▄ █▀▀▀▄ █▀▀▀▄ █▀▀▀▀ ▄▀▀▀▀ ▄▀▀▀▀ ╱╱╱╱╱╱╱╱╱╱╱╱╱╱╱╱╱╱╱╱╱╱╱╱╱╱╱╱╱
  ╱╱╱╱╱╱ █▀▀▀█ █▀▀▀  █   █ █▀▀▀  █▀▀▀▄ █▀▀▀█   █▀▀▀█ █▀▀▀█ █▀▀▀▄ █   █ █▀▀▀   ▀▀▀▄  ▀▀▀▄ ╱╱╱╱╱╱╱╱╱╱╱╱╱╱╱╱╱╱╱╱╱╱╱╱╱╱╱╱
  ╱╱╱╱╱╱ ▀   ▀ ▀▀▀▀▀ ▀▀▀▀  ▀▀▀▀▀ ▀   ▀ ▀   ▀   ▀   ▀ ▀   ▀ ▀   ▀ ▀   ▀ ▀▀▀▀▀ ▀▀▀▀  ▀▀▀▀  ╱╱╱╱╱╱╱╱╱╱╱╱╱╱╱╱╱╱╱╱╱╱╱╱╱╱╱
  ╱╱╱╱╱╱ hh                                                                       v0.1.0 ╱╱╱╱╱╱╱╱╱╱╱╱╱╱╱╱╱╱╱╱╱╱╱╱╱╱

  /work/hh-demo

  ◇  mock  ● 0.0.2 · 10000.00 ℏ · Mock operator
    3 scenarios · in proc╭────────────────────────────────────────────────────────────────────╮
                         │ Connect wallet ╱╱╱╱╱╱╱╱╱╱╱╱╱╱╱╱╱╱╱╱╱╱╱╱╱╱╱╱╱╱╱╱╱╱╱╱╱╱╱╱╱╱╱╱╱╱╱╱╱╱╱ │
  Scenarios ─────────────│  mock  pays and signs every run and agent loop                     │
                         │                                                                    │
  ● token-flow 8 steps   │ ▌ ● Mock operator connected                      0.0.2  10000.00 ℏ │
  ● topic-submit 4 steps │     in process · ed25519                                           │
  ● scheduled-payout 6 st│     × INVALID_SIGNATURE: key does not match account                │
                         │   ● Burner wallet                                                  │
                         │     fresh per run, funded 20 ℏ · ecdsa                             │
                         │   + Import key…                                                    │
                         │     use your own account id and private key                        │
                         │                                                                    │
                         │ ↑/↓ choose • enter connect • esc close                             │
                         ╰────────────────────────────────────────────────────────────────────╯


 ──────────────────────────────────────────────────────────────────────────────────────────────────────────────────────
   > Ready. Try run <scenario>, network <name> or ctrl+p                                                               
 :::  
 :::  
 ──────────────────────────────────────────────────────────────────────────────────────────────────────────────────────
 enter run command • ctrl+r scenarios • ctrl+n network • ctrl+w wallet • ctrl+p commands • ctrl+c quit • ctrl+g more
