
   Attempt 1 · claude ────────────────────────────────────────────────────────────────  ╱╱╱╱╱╱╱╱╱╱╱╱╱╱╱╱╱╱╱╱╱╱╱╱╱╱╱╱╱
                                                                                        ╱╱╱╱╱╱╱╱╱╱╱╱╱╱╱╱╱╱╱╱╱╱╱╱╱╱╱╱╱
   I'll read the payout scenario first so I know what the judge is going to check.      █  █ █▀▀▀ █▀▀▄ █▀▀▀ █▀▀▄ ▄▀▀▄
                                                                                        █▀▀█ █▀▀  █  █ █▀▀  █▀▀▄ █▀▀█
   ✓ Read scenarios/scheduled-payout.yaml                                               ▀  ▀ ▀▀▀▀ ▀▀▀  ▀▀▀▀ ▀  ▀ ▀  ▀
                                                                                        harness                v0.1.0
     name: scheduled-payout                                                             ╱╱╱╱╱╱╱╱╱╱╱╱╱╱╱╱╱╱╱╱╱╱╱╱╱╱╱╱╱
     network: mock
     actors:                                                                            add a scheduled payout from
       bob: { hbar: 50 }                                                                bob to carol and make sure …
       carol: { hbar: 10 }                                                              claude · claude-sonnet-4-5
     steps:
     … (7 lines hidden)                                                                 ◇  mock  operator 0.0.2

   The scenario schedules an hbar transfer from bob to carol and expects it to          Agent ───────────────────────
   execute. I'll add a payout helper that creates the schedule and wire it into the     ● attempt 1           working
   treasury command.                                                                      0 turns · $0.00

   ✓ Write internal/payout/payout.go                                                    Judges ──────────────────────
                                                                                        ○ token-flow
     File created successfully at: internal/payout/payout.go

   ● Bash go test ./internal/payout/... e%_e(@==AbFD54+ Running

 ──────────────────────────────────────────────────────────────────────────────────────
   > claude is working... esc to cancel                                                
 :::  
 :::  
 ──────────────────────────────────────────────────────────────────────────────────────
 esc cancel claude • tab focus run • ctrl+r scenarios • ctrl+p commands • ctrl+c quit • ctrl+g more
