
  ╱╱╱╱╱╱ █   █ █▀▀▀▀ █▀▀▀▄ █▀▀▀▀ █▀▀▀▄ ▄▀▀▀▄   █   █ ▄▀▀▀▄ █▀▀▀▄ █▀▀▀▄ █▀▀▀▀ ▄▀▀▀▀ ▄▀▀▀▀ ╱╱╱╱╱╱╱╱╱╱╱╱╱╱╱╱╱╱╱╱╱╱╱╱╱╱╱╱╱
  ╱╱╱╱╱╱ █▀▀▀█ █▀▀▀  █   █ █▀▀▀  █▀▀▀▄ █▀▀▀█   █▀▀▀█ █▀▀▀█ █▀▀▀▄ █   █ █▀▀▀   ▀▀▀▄  ▀▀▀▄ ╱╱╱╱╱╱╱╱╱╱╱╱╱╱╱╱╱╱╱╱╱╱╱╱╱╱╱╱
  ╱╱╱╱╱╱ ▀   ▀ ▀▀▀▀▀ ▀▀▀▀  ▀▀▀▀▀ ▀   ▀ ▀   ▀   ▀   ▀ ▀   ▀ ▀   ▀ ▀   ▀ ▀▀▀▀▀ ▀▀▀▀  ▀▀▀▀  ╱╱╱╱╱╱╱╱╱╱╱╱╱╱╱╱╱╱╱╱╱╱╱╱╱╱╱
  ╱╱╱╱╱╱ hh                                                                       v0.1.0 ╱╱╱╱╱╱╱╱╱╱╱╱╱╱╱╱╱╱╱╱╱╱╱╱╱╱

  /work/hh-demo

  ◇  mock  ● 0.0.2 · 10000.00 ℏ · Mock operator
    3 scenarios · in process
                         ╭────────────────────────────────────────────────────────────────────╮
  Scenarios ─────────────│ Connect wallet ╱╱╱╱╱╱╱╱╱╱╱╱╱╱╱╱╱╱╱╱╱╱╱╱╱╱╱╱╱╱╱╱╱╱╱╱╱╱╱╱╱╱╱╱╱╱╱╱╱╱╱ │
                         │  mock  pays and signs every run and agent loop                     │
  ● token-flow 8 steps   │                                                                    │
  ● topic-submit 4 steps │ Import key                                                         │
  ● scheduled-payout 6 st│ account id, a space, then the private key                          │
                         │                                                                    │
                         │ > 0.0.1234 302e02•••                                               │
                         │                                                                    │
                         │ enter connect • esc back                                           │
                         ╰────────────────────────────────────────────────────────────────────╯




 ──────────────────────────────────────────────────────────────────────────────────────────────────────────────────────
   > Ready. Try run <scenario>, network <name> or ctrl+p                                                               
 :::  
 :::  
 ──────────────────────────────────────────────────────────────────────────────────────────────────────────────────────
 enter run command • ctrl+r scenarios • ctrl+n network • ctrl+w wallet • ctrl+p commands • ctrl+c quit • ctrl+g more
